// Vitest Snapshot v1, https://vitest.dev/guide/snapshot.html

exports[`CI stack > synthesizes the expected CloudFormation template 1`] = `
{
  "Outputs": {
    "DeployRoleArnprod": {
      "Description": "Deploy role ARN for the prod GitHub environment",
      "Value": {
        "Fn::GetAtt": [
          "DeployRoleprod044FFA70",
          "Arn",
        ],
      },
    },
    "DeployRoleArntest": {
      "Description": "Deploy role ARN for the test GitHub environment",
      "Value": {
        "Fn::GetAtt": [
          "DeployRoletest70C5AD1E",
          "Arn",
        ],
      },
    },
  },
  "Parameters": {
    "BootstrapVersion": {
      "Default": "/cdk-bootstrap/hnb659fds/version",
      "Description": "Version of the CDK Bootstrap resources in this environment, automatically retrieved from SSM Parameter Store. [cdk:skip]",
      "Type": "AWS::SSM::Parameter::Value<String>",
    },
  },
  "Resources": {
    "DeployRoleprod044FFA70": {
      "Properties": {
        "AssumeRolePolicyDocument": {
          "Statement": [
            {
              "Action": "sts:AssumeRoleWithWebIdentity",
              "Condition": {
                "StringEquals": {
                  "token.actions.githubusercontent.com:aud": "sts.amazonaws.com",
                  "token.actions.githubusercontent.com:sub": "repo:adamnfish/football-blackjack:environment:prod",
                },
              },
              "Effect": "Allow",
              "Principal": {
                "Federated": {
                  "Fn::Join": [
                    "",
                    [
                      "arn:aws:iam::",
                      {
                        "Ref": "AWS::AccountId",
                      },
                      ":oidc-provider/token.actions.githubusercontent.com",
                    ],
                  ],
                },
              },
            },
          ],
          "Version": "2012-10-17",
        },
        "Description": "GitHub Actions deploy role for the prod environment",
        "RoleName": "football-blackjack-deploy-prod",
        "Tags": [
          {
            "Key": "app",
            "Value": "football-blackjack",
          },
          {
            "Key": "stage",
            "Value": "prod",
          },
        ],
      },
      "Type": "AWS::IAM::Role",
    },
    "DeployRoleprodDefaultPolicy822D0ED9": {
      "Properties": {
        "PolicyDocument": {
          "Statement": [
            {
              "Action": "sts:AssumeRole",
              "Effect": "Allow",
              "Resource": [
                {
                  "Fn::Join": [
                    "",
                    [
                      "arn:aws:iam::",
                      {
                        "Ref": "AWS::AccountId",
                      },
                      ":role/cdk-hnb659fds-deploy-role-",
                      {
                        "Ref": "AWS::AccountId",
                      },
                      "-*",
                    ],
                  ],
                },
                {
                  "Fn::Join": [
                    "",
                    [
                      "arn:aws:iam::",
                      {
                        "Ref": "AWS::AccountId",
                      },
                      ":role/cdk-hnb659fds-file-publishing-role-",
                      {
                        "Ref": "AWS::AccountId",
                      },
                      "-*",
                    ],
                  ],
                },
                {
                  "Fn::Join": [
                    "",
                    [
                      "arn:aws:iam::",
                      {
                        "Ref": "AWS::AccountId",
                      },
                      ":role/cdk-hnb659fds-lookup-role-",
                      {
                        "Ref": "AWS::AccountId",
                      },
                      "-*",
                    ],
                  ],
                },
              ],
            },
            {
              "Action": "ssm:GetParameter",
              "Effect": "Allow",
              "Resource": {
                "Fn::Join": [
                  "",
                  [
                    "arn:aws:ssm:*:",
                    {
                      "Ref": "AWS::AccountId",
                    },
                    ":parameter/football-blackjack/prod/domain-name",
                  ],
                ],
              },
            },
          ],
          "Version": "2012-10-17",
        },
        "PolicyName": "DeployRoleprodDefaultPolicy822D0ED9",
        "Roles": [
          {
            "Ref": "DeployRoleprod044FFA70",
          },
        ],
      },
      "Type": "AWS::IAM::Policy",
    },
    "DeployRoletest70C5AD1E": {
      "Properties": {
        "AssumeRolePolicyDocument": {
          "Statement": [
            {
              "Action": "sts:AssumeRoleWithWebIdentity",
              "Condition": {
                "StringEquals": {
                  "token.actions.githubusercontent.com:aud": "sts.amazonaws.com",
                  "token.actions.githubusercontent.com:sub": "repo:adamnfish/football-blackjack:environment:test",
                },
              },
              "Effect": "Allow",
              "Principal": {
                "Federated": {
                  "Fn::Join": [
                    "",
                    [
                      "arn:aws:iam::",
                      {
                        "Ref": "AWS::AccountId",
                      },
                      ":oidc-provider/token.actions.githubusercontent.com",
                    ],
                  ],
                },
              },
            },
          ],
          "Version": "2012-10-17",
        },
        "Description": "GitHub Actions deploy role for the test environment",
        "RoleName": "football-blackjack-deploy-test",
        "Tags": [
          {
            "Key": "app",
            "Value": "football-blackjack",
          },
          {
            "Key": "stage",
            "Value": "test",
          },
        ],
      },
      "Type": "AWS::IAM::Role",
    },
    "DeployRoletestDefaultPolicy668EA6E1": {
      "Properties": {
        "PolicyDocument": {
          "Statement": [
            {
              "Action": "sts:AssumeRole",
              "Effect": "Allow",
              "Resource": [
                {
                  "Fn::Join": [
                    "",
                    [
                      "arn:aws:iam::",
                      {
                        "Ref": "AWS::AccountId",
                      },
                      ":role/cdk-hnb659fds-deploy-role-",
                      {
                        "Ref": "AWS::AccountId",
                      },
                      "-*",
                    ],
                  ],
                },
                {
                  "Fn::Join": [
                    "",
                    [
                      "arn:aws:iam::",
                      {
                        "Ref": "AWS::AccountId",
                      },
                      ":role/cdk-hnb659fds-file-publishing-role-",
                      {
                        "Ref": "AWS::AccountId",
                      },
                      "-*",
                    ],
                  ],
                },
                {
                  "Fn::Join": [
                    "",
                    [
                      "arn:aws:iam::",
                      {
                        "Ref": "AWS::AccountId",
                      },
                      ":role/cdk-hnb659fds-lookup-role-",
                      {
                        "Ref": "AWS::AccountId",
                      },
                      "-*",
                    ],
                  ],
                },
              ],
            },
            {
              "Action": "ssm:GetParameter",
              "Effect": "Allow",
              "Resource": {
                "Fn::Join": [
                  "",
                  [
                    "arn:aws:ssm:*:",
                    {
                      "Ref": "AWS::AccountId",
                    },
                    ":parameter/football-blackjack/test/domain-name",
                  ],
                ],
              },
            },
          ],
          "Version": "2012-10-17",
        },
        "PolicyName": "DeployRoletestDefaultPolicy668EA6E1",
        "Roles": [
          {
            "Ref": "DeployRoletest70C5AD1E",
          },
        ],
      },
      "Type": "AWS::IAM::Policy",
    },
  },
  "Rules": {
    "CheckBootstrapVersion": {
      "Assertions": [
        {
          "Assert": {
            "Fn::Not": [
              {
                "Fn::Contains": [
                  [
                    "1",
                    "2",
                    "3",
                    "4",
                    "5",
                  ],
                  {
                    "Ref": "BootstrapVersion",
                  },
                ],
              },
            ],
          },
          "AssertDescription": "CDK bootstrap stack version 6 required. Please run 'cdk bootstrap' with a recent version of the CDK CLI.",
        },
      ],
    },
  },
}
`;
